FILE {G:\ALBION\LIB\MAIN.OBJ
 G:\ALBION\LIB\GAME.OBJ
 G:\ALBION\LIB\CONTROL.OBJ
 G:\ALBION\LIB\USERFACE.OBJ
 G:\ALBION\LIB\MAP.OBJ
 G:\ALBION\LIB\2D_MAP.OBJ
 G:\ALBION\LIB\2D_DISPL.OBJ
 G:\ALBION\LIB\3D_MAP.OBJ
 G:\ALBION\LIB\ANIMATE.OBJ
 G:\ALBION\LIB\FONT.OBJ
 G:\ALBION\LIB\XFTYPES.OBJ
 G:\ALBION\LIB\GRAPHICS.OBJ
 G:\ALBION\LIB\DIAGNOST.OBJ
 G:\ALBION\LIB\POPUP.OBJ
 G:\ALBION\LIB\SCROLBAR.OBJ
 G:\ALBION\LIB\INVENTO.OBJ
 G:\ALBION\LIB\INVITEMS.OBJ
 G:\ALBION\LIB\STATAREA.OBJ
 G:\ALBION\LIB\EVELOGIC.OBJ
 G:\ALBION\LIB\EVENTS.OBJ
 G:\ALBION\LIB\NPCS.OBJ
 G:\ALBION\LIB\GAMETIME.OBJ
 G:\ALBION\LIB\GAMETEXT.OBJ
 G:\ALBION\LIB\DIALOGUE.OBJ
 G:\ALBION\LIB\MUSIC.OBJ
 G:\ALBION\LIB\ITEMLIST.OBJ
 G:\ALBION\LIB\BUTTONS.OBJ
 G:\ALBION\LIB\INPUT.OBJ
 G:\ALBION\LIB\COMBAT.OBJ
 G:\ALBION\LIB\COMACTS.OBJ
 G:\ALBION\LIB\COMSHOW.OBJ
 G:\ALBION\LIB\COMOBS.OBJ
 G:\ALBION\LIB\TACTICAL.OBJ
 G:\ALBION\LIB\CHEST.OBJ
 G:\ALBION\LIB\DOOR.OBJ
 G:\ALBION\LIB\AUTOMAP.OBJ
 G:\ALBION\LIB\MAGIC.OBJ
 G:\ALBION\LIB\SPELLS.OBJ
 G:\ALBION\LIB\COMMAGIC.OBJ
 G:\ALBION\LIB\APRES.OBJ
 G:\ALBION\LIB\SCROLL.OBJ
 G:\ALBION\LIB\XLOAD.OBJ
 G:\ALBION\LIB\HDOB.OBJ
 G:\ALBION\LIB\GFXFUNC.OBJ
 G:\ALBION\LIB\SORT.OBJ
 G:\ALBION\LIB\FINDCOL.OBJ
 G:\ALBION\LIB\FLC.OBJ
 G:\AIL\AIL_302\DLLLOAD.OBJ
 G:\PCLIB32\LIB\BBMEM.OBJ}
 LIBRARY {G:\ALBION\LIB\TEXT.LIB
 G:\ALBION\LIB\ZOOMFUNC.LIB
 G:\ALBION\LIB\3DM.LIB
 G:\PCLIB32\LIB\PCBASE.LIB
 G:\AIL\AIL_302\AIL.LIB}
